data: {"type":"stage1_complete","data":[{"label":"Response A","content":"ans-a","model":"openai/gpt-4o-mini","duration_ms":100},{"label":"Response B","content":"ans-b","model":"anthropic/claude-haiku-4-5","duration_ms":110}]}

data: {"type":"stage2_round_complete","kind":"debate_round","round":1,"data":null,"metadata":{"council_type":"debate","label_to_model":{"Response A":"openai/gpt-4o-mini","Response B":"anthropic/claude-haiku-4-5"},"aggregate_rankings":null,"consensus_w":0,"debate":{"rounds":[{"round":1,"revisions":[{"label":"Response A","critique":"c","content":"rev-a-1","model":"","duration_ms":0}]}],"final_round":1}}}

data: {"type":"stage2_complete","kind":"debate_round","data":null,"metadata":{"council_type":"debate","label_to_model":{"Response A":"openai/gpt-4o-mini","Response B":"anthropic/claude-haiku-4-5"},"aggregate_rankings":null,"consensus_w":0,"debate":{"rounds":[{"round":1,"revisions":[{"label":"Response A","content":"rev-a-1","model":"","duration_ms":0}]}],"final_round":1}}}

data: {"type":"stage3_complete","data":{"content":"synthesis","model":"chairman-z","duration_ms":150}}


data: {"type":"complete"}


